// Jest Snapshot v1, https://goo.gl/fbAQLP

exports[`ScrollText should match snapshot 1`] = `
<section
  className="scrollText"
>
  <div
    className="crawl"
  >
    <p />
    <div
      className="filmInfo"
    >
      <p />
      <p />
    </div>
  </div>
</section>
`;
