// Jest Snapshot v1, https://goo.gl/fbAQLP

exports[`Loading should match snapshot 1`] = `
<section
  className="loadingContent"
>
  <div
    className="loadingContainer"
  >
    <img
      className="loadingImg"
      src="https://tinyurl.com/y2rcnl6u"
    />
  </div>
</section>
`;
